// Jest Snapshot v1, https://goo.gl/fbAQLP

exports[`<Gridzzly /> shows the correct snapshot tree for the <Gridzzly> component (defaults) 1`] = `
<div
  data-stuff="other-stuff"
  style={
    Object {
      "backgroundImage": "url(\\"data:image/svg+xml;charset=utf8,<svg xmlns='http://www.w3.org/2000/svg' width='16' height='16' viewBox='0 0 16 16'><g fill='none' stroke-miter-limit='10'><line stroke='rgba(255, 0, 255, 0.75)' stroke-dasharray='2, 2' x1='7.5' y1='0' x2='7.5' y2='16'/>,<line stroke='rgba(255, 0, 255, 1.0)' stroke-dasharray='' x1='15.5' y1='0' x2='15.5' y2='16'/>,<line stroke='rgba(255, 0, 255, 0.75)' stroke-dasharray='2, 2' x1='0' y1='7.5' x2='16' y2='7.5'/>,<line stroke='rgba(255, 0, 255, 1.0)' stroke-dasharray='' x1='0' y1='15.5' x2='16' y2='15.5'/></g></svg>\\")",
      "backgroundSize": "16px 16px",
      "bottom": 0,
      "left": 0,
      "opacity": 0.2,
      "pointerEvents": "none",
      "position": "absolute",
      "right": 0,
      "top": 0,
      "zIndex": 2,
    }
  }
/>
`;

exports[`<Gridzzly /> shows the correct snapshot tree for the <Gridzzly> component (fixed) 1`] = `
<div
  data-stuff="stuff"
  style={
    Object {
      "backgroundImage": "url(\\"data:image/svg+xml;charset=utf8,<svg xmlns='http://www.w3.org/2000/svg' width='32' height='64' viewBox='0 0 32 64'><g fill='none' stroke-miter-limit='10'><line stroke='rgba(255, 0, 255, 0.75)' stroke-dasharray='2, 2' x1='15.5' y1='0' x2='15.5' y2='64'/>,<line stroke='rgba(255, 0, 255, 1.0)' stroke-dasharray='' x1='31.5' y1='0' x2='31.5' y2='64'/>,<line stroke='rgba(255, 0, 255, 0.75)' stroke-dasharray='2, 2' x1='0' y1='31.5' x2='32' y2='31.5'/>,<line stroke='rgba(255, 0, 255, 1.0)' stroke-dasharray='' x1='0' y1='63.5' x2='32' y2='63.5'/></g></svg>\\")",
      "backgroundSize": "32px 64px",
      "bottom": 0,
      "left": 0,
      "opacity": 0.2,
      "pointerEvents": "none",
      "position": "fixed",
      "right": 0,
      "top": 0,
      "zIndex": 2,
    }
  }
/>
`;

exports[`<Gridzzly /> shows the correct snapshot tree for the <Gridzzly> component (hidden) 1`] = `
<div
  style={
    Object {
      "display": "none",
    }
  }
/>
`;
